

> @anomalous/blog@ build /Users/orchid/mirrir/anomalous/panels/blog
> vite build

[36mvite v6.4.2 [32mbuilding for production...[36m[39m
[blog-content-bake] Baking 4 posts...
[blog-content-bake]   asd
[blog-content-bake]   asdf
[blog-content-bake]   hello-world
[blog-content-bake]   test
(node:38113) [DEP0205] DeprecationWarning: `module.register()` is deprecated. Use `module.registerHooks()` instead.
(Use `node --trace-deprecation ...` to show where the warning was created)
[2K[1Gtransforming (1) [2msrc/main.tsx[22m[2K[1Gtransforming (4) [2m../../node_modules/.pnpm/@anomalous+sdk@file+packages+anomalous-sdk_react-dom@19.2.6_react@19.2.6__react@19.2.6/node_module[2K[1Gtransforming (31) [2m../../node_modules/.pnpm/react@19.2.6/node_modules/react/index.js[22m[2K[1Gtransforming (69) [2m../../node_modules/.pnpm/three@0.167.1/node_modules/three/build/three.module.js[22m[2K[1Gtransforming (73) [2m../../node_modules/.pnpm/react-use-measure@2.1.7_react-dom@19.2.6_react@19.2.6__react@19.2.6/node_modules/react-use-measur[2K[1Gtransforming (91) [2m../../packages/ui/src/auth/auth-client.ts[22m[2K[1G[2K[1G[2K[1G[2K[1G[2K[1Gtransforming (1143) [2m../../node_modules/.pnpm/lucide-react@0.562.0_react@19.2.6/node_modules/lucide-react/dist/esm/icons/list-collapse.js[22[2K[1G[2K[1G[2K[1G[2K[1G[2K[1G[2K[1G[2K[1G[2K[1G[2K[1G[2K[1G[2K[1G[2K[1G[2K[1G[2K[1G[2K[1G[2K[1G[2K[1G[2K[1G[2K[1G[2K[1G[2K[1G[2K[1G[2K[1G[2K[1G[2K[1G[2K[1G[2K[1G[2K[1G[2K[1G[2K[1G[2K[1G[2K[1Gtransforming (1876) [2m../../node_modules/.pnpm/react-icons@5.6.0_react@19.2.6/node_modules/react-icons/fa/index.mjs[22m[2K[1Gtransforming (2017) [2m../../node_modules/.pnpm/lucide-react@1.16.0_react@19.2.6/node_modules/lucide-react/dist/esm/icons/circle-parking.mjs[2[2K[1G[2K[1G[2K[1G[2K[1G[2K[1G[2K[1G[2K[1G[2K[1G[2K[1G[2K[1G[2K[1G[2K[1G[2K[1G[2K[1G[2K[1G[2K[1G[2K[1G[2K[1G[2K[1G[2K[1G[2K[1Gtransforming (2881) [2m../../node_modules/.pnpm/lucide-react@1.16.0_react@19.2.6/node_modules/lucide-react/dist/esm/icons/headphone-off.mjs[22[2K[1Gtransforming (3684) [2m../../node_modules/.pnpm/lucide-react@1.16.0_react@19.2.6/node_modules/lucide-react/dist/esm/createLucideIcon.mjs[22m[2K[1G[2K[1G[2K[1G[2K[1G[2K[1G[2K[1G[2K[1G[2K[1G[2K[1Gtransforming (3740) [2m../../node_modules/.pnpm/use-sync-external-store@1.6.0_react@19.2.6/node_modules/use-sync-external-store/cjs/use-sync-ex[2K[1G[2K[1Gtransforming (3947) [2m../../node_modules/.pnpm/hast-util-to-html@9.0.5/node_modules/hast-util-to-html/lib/handle/index.js[22m[2K[1Gtransforming (4304) [2m../../node_modules/.pnpm/ccount@2.0.1/node_modules/ccount/index.js[22m[2K[1G[2K[1G[2K[1G[32m✓[39m 4350 modules transformed.
[2K[1Grendering chunks (1)...[2K[1Grendering chunks (2)...[2K[1Grendering chunks (3)...[2K[1Grendering chunks (4)...[2K[1G[2K[1Gcomputing gzip size (0)...[2K[1Gcomputing gzip size (1)...[2K[1Gcomputing gzip size (2)...[2K[1Gcomputing gzip size (3)...[2K[1Gcomputing gzip size (4)...[2K[1Gcomputing gzip size (5)...[2K[1Gcomputing gzip size (6)...[2K[1G[2mdist/[22m[32mindex.html                          [39m[1m[2m    0.39 kB[22m[1m[22m[2m │ gzip:   0.27 kB[22m
[2mdist/[22m[2massets/[22m[32mQuadrunde-Bj9CiWMy.ttf       [39m[1m[2m   46.28 kB[22m[1m[22m
[2mdist/[22m[2massets/[22m[32mKapel-CQ3wV3qW.ttf           [39m[1m[2m   73.56 kB[22m[1m[22m
[2mdist/[22m[2massets/[22m[32mpdf.worker.min-qwK7q_zL.mjs  [39m[1m[2m1,046.21 kB[22m[1m[22m
[2mdist/[22m[2massets/[22m[35mindex-BhsJaxnW.css           [39m[1m[2m   89.29 kB[22m[1m[22m[2m │ gzip:  15.05 kB[22m
[2mdist/[22m[2massets/[22m[36mapi-helpers-DubjktSv.js      [39m[1m[2m    0.39 kB[22m[1m[22m[2m │ gzip:   0.28 kB[22m
[2mdist/[22m[2massets/[22m[36mTickerFlipper-DGMfrTQ9.js    [39m[1m[2m   11.97 kB[22m[1m[22m[2m │ gzip:   3.98 kB[22m
[2mdist/[22m[2massets/[22m[36mindex-K4ZCNVcp.js            [39m[1m[2m  359.87 kB[22m[1m[22m[2m │ gzip: 111.95 kB[22m
[2mdist/[22m[2massets/[22m[36mDither-BQr0Vl3W.js           [39m[1m[33m  838.56 kB[39m[22m[2m │ gzip: 226.00 kB[22m
[33m
(!) Some chunks are larger than 500 kB after minification. Consider:
- Using dynamic import() to code-split the application
- Use build.rollupOptions.output.manualChunks to improve chunking: https://rollupjs.org/configuration-options/#output-manualchunks
- Adjust chunk size limit for this warning via build.chunkSizeWarningLimit.[39m
[32m✓ built in 4.40s[39m
